core_cm4.h:1809:22:__NVIC_SetPriority	16	static
core_cm4.h:2017:26:SysTick_Config	16	static
stm32l4xx_ll_bus.h:563:22:LL_AHB2_GRP1_EnableClock	24	static
stm32l4xx_ll_bus.h:1087:22:LL_APB1_GRP1_EnableClock	24	static
stm32l4xx_ll_usart.h:687:22:LL_USART_Enable	16	static
stm32l4xx_ll_usart.h:3102:26:LL_USART_IsActiveFlag_ORE	16	static
stm32l4xx_ll_usart.h:3142:26:LL_USART_IsActiveFlag_RXNE	16	static
stm32l4xx_ll_usart.h:3183:26:LL_USART_IsActiveFlag_TXE	16	static
stm32l4xx_ll_usart.h:3481:22:LL_USART_ClearFlag_ORE	16	static
stm32l4xx_ll_usart.h:4545:25:LL_USART_ReceiveData8	16	static
stm32l4xx_ll_usart.h:4568:22:LL_USART_TransmitData8	16	static
stm32l4xx_ll_tim.h:1486:22:LL_TIM_EnableCounter	16	static
stm32l4xx_ll_tim.h:1821:26:LL_TIM_GetAutoReload	16	static
stm32l4xx_ll_tim.h:2010:22:LL_TIM_CC_EnableChannel	16	static
stm32l4xx_ll_tim.h:2623:22:LL_TIM_OC_SetCompareCH2	16	static
main.c:23:6:SysTick_Handler	4	static
main.c:28:6:LL_InitTick	16	static
main.c:34:10:LL_GetTick	4	static
main.c:39:6:UART_Init	88	static
main.c:68:6:PWM_Init	88	static
main.c:97:6:UART_SendString	16	static
main.c:104:6:LED_SetBrightness	24	static
main.c:110:6:LED_Blink	16	static
main.c:131:6:process_uart_input	24	static
main.c:173:5:main	8	static
