../Core/Src/main.c:167:5:__io_putchar	16	static
../Core/Src/main.c:174:6:HAL_UART_RxCpltCallback	16	static
../Core/Src/main.c:184:6:uart_print_with_prompt	24	static
../Core/Src/main.c:206:5:main	8	static
../Core/Src/main.c:304:6:SystemClock_Config	96	static
../Core/Src/main.c:354:13:MX_ADC1_Init	48	static
../Core/Src/main.c:421:13:MX_USART2_UART_Init	8	static
../Core/Src/main.c:453:13:MX_GPIO_Init	32	static
../Core/Src/main.c:478:7:CommandHandler_Parse	40	static
../Core/Src/main.c:589:6:StartUartTask	24	static
../Core/Src/main.c:639:6:StartLedTask	24	static
../Core/Src/main.c:673:6:StartADCSampler	24	static
../Core/Src/main.c:698:6:StartDataAnalyzer	304	static
../Core/Src/main.c:751:6:StartAlertMonitor	88	static
../Core/Src/main.c:783:6:HAL_TIM_PeriodElapsedCallback	16	static
../Core/Src/main.c:799:6:Error_Handler	4	static
