stm32l4xx_ll_rcc.h:2123:22:LL_RCC_HSI_Enable	4	static
stm32l4xx_ll_rcc.h:2143:26:LL_RCC_HSI_IsReady	4	static
stm32l4xx_ll_rcc.h:2268:22:LL_RCC_LSE_Enable	4	static
stm32l4xx_ll_rcc.h:2298:22:LL_RCC_LSE_DisableBypass	4	static
stm32l4xx_ll_rcc.h:2360:26:LL_RCC_LSE_IsReady	4	static
stm32l4xx_ll_rcc.h:2487:22:LL_RCC_MSI_Enable	4	static
stm32l4xx_ll_rcc.h:2507:26:LL_RCC_MSI_IsReady	4	static
stm32l4xx_ll_rcc.h:2521:22:LL_RCC_MSI_EnablePLLMode	4	static
stm32l4xx_ll_rcc.h:2546:22:LL_RCC_MSI_EnableRangeSelection	4	static
stm32l4xx_ll_rcc.h:2579:22:LL_RCC_MSI_SetRange	16	static
stm32l4xx_ll_rcc.h:2740:22:LL_RCC_SetSysClkSource	16	static
stm32l4xx_ll_rcc.h:2754:26:LL_RCC_GetSysClkSource	4	static
stm32l4xx_ll_rcc.h:2774:22:LL_RCC_SetAHBPrescaler	16	static
stm32l4xx_ll_rcc.h:2790:22:LL_RCC_SetAPB1Prescaler	16	static
stm32l4xx_ll_rcc.h:2806:22:LL_RCC_SetAPB2Prescaler	16	static
stm32l4xx_ll_rcc.h:2917:22:LL_RCC_ConfigMCO	16	static
stm32l4xx_ll_rcc.h:3731:22:LL_RCC_PLL_Enable	4	static
stm32l4xx_ll_rcc.h:3742:22:LL_RCC_PLL_Disable	4	static
stm32l4xx_ll_rcc.h:3752:26:LL_RCC_PLL_IsReady	4	static
stm32l4xx_ll_rcc.h:3798:22:LL_RCC_PLL_ConfigDomain_SYS	24	static
stm32l4xx_ll_rcc.h:4197:22:LL_RCC_PLL_EnableDomain_SYS	4	static
stm32l4xx_ll_bus.h:563:22:LL_AHB2_GRP1_EnableClock	24	static
stm32l4xx_ll_bus.h:1087:22:LL_APB1_GRP1_EnableClock	24	static
stm32l4xx_ll_utils.h:280:22:LL_InitTick	16	static
stm32l4xx_ll_gpio.h:285:22:LL_GPIO_SetPinMode	48	static,ignoring_inline_asm
stm32l4xx_ll_gpio.h:425:22:LL_GPIO_SetPinSpeed	48	static,ignoring_inline_asm
stm32l4xx_ll_gpio.h:568:22:LL_GPIO_SetAFPin_0_7	48	static,ignoring_inline_asm
stm32l4xx_ll_usart.h:687:22:LL_USART_Enable	16	static
stm32l4xx_ll_usart.h:701:22:LL_USART_Disable	16	static
stm32l4xx_ll_usart.h:3142:26:LL_USART_IsActiveFlag_RXNE	16	static
stm32l4xx_ll_usart.h:3154:26:LL_USART_IsActiveFlag_TC	16	static
stm32l4xx_ll_usart.h:3183:26:LL_USART_IsActiveFlag_TXE	16	static
stm32l4xx_ll_usart.h:4545:25:LL_USART_ReceiveData8	16	static
stm32l4xx_ll_usart.h:4568:22:LL_USART_TransmitData8	16	static
stm32l4xx_ll_pwr.h:343:22:LL_PWR_SetRegulVoltageScaling	16	static
stm32l4xx_ll_pwr.h:397:22:LL_PWR_EnableBkUpAccess	4	static
stm32l4xx_ll_pwr.h:1607:26:LL_PWR_IsActiveFlag_VOS	4	static
main.c:35:6:MCO_Init	8	static
main.c:43:6:LSE_Init	16	static
main.c:65:6:UART_Init	104	static
main.c:102:6:UART_SendString	16	static
main.c:111:6:SetFlashLatency	16	static
main.c:119:6:SetMCO	24	static
main.c:142:6:CalibrateMSI	80	static
main.c:167:6:processCommand	208	static
main.c:355:5:main	16	static
